// Jest Snapshot v1, https://goo.gl/fbAQLP

exports[`<IconCross /> should render the heading 1`] = `
<img
  class=""
/>
`;
