// Jest Snapshot v1, https://goo.gl/fbAQLP

exports[`<Login /> should render the heading 1`] = `
.c0 {
  background-color: #101010;
  color: #fff;
  width: 100vw;
  height: 100vh;
  padding: 3rem;
  text-align: center;
  display: flex;
  flex-direction: column;
  align-items: center;
  justify-content: center;
}

.c1 {
  display: flex;
  flex-direction: column;
  align-items: center;
  justify-content: center;
  width: 100%;
}

.c6 {
  font-size: 2.5rem;
  margin-bottom: 2rem;
}

.c7 {
  font-size: 2rem;
  font-weight: 400;
  margin-bottom: 2rem;
}

.c2 {
  display: flex;
  flex-direction: column;
  align-items: center;
  width: 100%;
  max-width: 400px;
}

.c3 {
  width: 100%;
  padding: 1rem;
  margin-bottom: 1rem;
  border: 1px solid #0fbc66;
  border-radius: 4px;
  font-size: 1.4rem;
}

.c4 {
  width: 100%;
  padding: 1rem;
  margin-bottom: 1rem;
  border: none;
  border-radius: 4px;
  background-color: #0fbc66;
  color: #fff;
  font-size: 1.4rem;
  cursor: pointer;
}

.c4:hover {
  background-color: #22c532;
}

.c5 {
  background: none;
  border: none;
  color: #0fbc66;
  cursor: pointer;
  font-size: 1.4rem;
  margin-top: 1rem;
}

.c5:hover {
  text-decoration: underline;
}

<main
  class="c0"
>
  <div
    class="c1"
  >
    <form
      class="c2"
    >
      <input
        class="c3"
        placeholder="Email"
        type="email"
      />
      <input
        class="c3"
        placeholder="Password"
        type="password"
      />
      <button
        class="c4"
        type="button"
      >
        Login
      </button>
      <button
        class="c5"
      >
        Don't have an account? Sign Up
      </button>
    </form>
    <h1
      class="c6"
    >
      Your Everyday Doctor Appointment Medical App
    </h1>
    <h2
      class="c7"
    >
      We care about your health
    </h2>
  </div>
</main>
`;
